// Jest Snapshot v1, https://goo.gl/fbAQLP

exports[`<SelectableDeviceTile /> renders selected tile 1`] = `
<input
  checked=""
  class="_input_1hel1_18"
  data-testid="device-tile-checkbox-my-device"
  id="device-tile-checkbox-my-device"
  type="checkbox"
/>
`;

exports[`<SelectableDeviceTile /> renders unselected device tile with checkbox 1`] = `
<div>
  <div
    class="mx_SelectableDeviceTile"
  >
    <form
      class="_root_19upo_16"
    >
      <div
        class="_inline-field_19upo_32 mx_SelectableDeviceTile_checkbox"
      >
        <div
          class="_inline-field-control_19upo_44"
        >
          <div
            class="_container_1hel1_10"
          >
            <input
              class="_input_1hel1_18"
              data-testid="device-tile-checkbox-my-device"
              id="device-tile-checkbox-my-device"
              type="checkbox"
            />
            <div
              class="_ui_1hel1_19"
            >
              <svg
                aria-hidden="true"
                fill="currentColor"
                height="1em"
                viewBox="0 0 24 24"
                width="1em"
                xmlns="http://www.w3.org/2000/svg"
              >
                <path
                  d="M9.55 17.575q-.2 0-.375-.062a.9.9 0 0 1-.325-.213L4.55 13q-.274-.274-.262-.713.012-.437.287-.712a.95.95 0 0 1 .7-.275q.425 0 .7.275L9.55 15.15l8.475-8.475q.274-.275.713-.275.437 0 .712.275.275.274.275.713 0 .437-.275.712l-9.2 9.2q-.15.15-.325.212a1.1 1.1 0 0 1-.375.063"
                />
              </svg>
            </div>
          </div>
        </div>
        <div
          class="_inline-field-body_19upo_38"
        >
          <label
            class="_label_19upo_59"
            for="device-tile-checkbox-my-device"
          >
            <div
              class="mx_DeviceTile mx_DeviceTile_interactive"
              data-testid="device-tile-my-device"
            >
              <div
                class="mx_DeviceTypeIcon"
              >
                <div
                  class="mx_DeviceTypeIcon_deviceIconWrapper"
                >
                  <div
                    aria-label="Unknown session type"
                    class="mx_DeviceTypeIcon_deviceIcon"
                    role="img"
                  />
                </div>
                <div
                  aria-label="Unverified"
                  class="mx_DeviceTypeIcon_verificationIcon unverified"
                  role="img"
                />
              </div>
              <div
                class="mx_DeviceTile_info"
              >
                <h4
                  class="mx_Heading_h4"
                >
                  My Device
                </h4>
                <div
                  class="mx_DeviceTile_metadata"
                >
                  <span
                    data-testid="device-metadata-isVerified"
                  >
                    Unverified
                  </span>
                   · 
                  <span
                    data-testid="device-metadata-lastSeenIp"
                  >
                    123.456.789
                  </span>
                   · 
                  <span
                    data-testid="device-metadata-deviceId"
                  >
                    my-device
                  </span>
                </div>
              </div>
              <div
                class="mx_DeviceTile_actions"
              >
                <div>
                  test
                </div>
              </div>
            </div>
          </label>
        </div>
      </div>
    </form>
  </div>
</div>
`;
