// Jest Snapshot v1, https://goo.gl/fbAQLP

exports[`Favicon should clear a badge if called with a zero value 1`] = `
[
  {
    "props": {
      "height": 32,
      "width": 32,
      "x": 0,
      "y": 0,
    },
    "transform": [
      1,
      0,
      0,
      1,
      0,
      0,
    ],
    "type": "clearRect",
  },
  {
    "props": {
      "dHeight": 32,
      "dWidth": 32,
      "dx": 0,
      "dy": 0,
      "img": <img
        height="32"
        width="32"
      />,
      "sHeight": 32,
      "sWidth": 32,
      "sx": 0,
      "sy": 0,
    },
    "transform": [
      1,
      0,
      0,
      1,
      0,
      0,
    ],
    "type": "drawImage",
  },
  {
    "props": {
      "fillRule": "nonzero",
      "path": [
        {
          "props": {},
          "transform": [
            1,
            0,
            0,
            1,
            0,
            0,
          ],
          "type": "beginPath",
        },
        {
          "props": {
            "x": 16.159999999999997,
            "y": 12.8,
          },
          "transform": [
            1,
            0,
            0,
            1,
            0,
            0,
          ],
          "type": "moveTo",
        },
        {
          "props": {
            "x": 22.4,
            "y": 12.8,
          },
          "transform": [
            1,
            0,
            0,
            1,
            0,
            0,
          ],
          "type": "lineTo",
        },
        {
          "props": {
            "x": 31.999999999999996,
            "y": 22.4,
          },
          "transform": [
            1,
            0,
            0,
            1,
            0,
            0,
          ],
          "type": "lineTo",
        },
        {
          "props": {
            "x": 9.92,
            "y": 32,
          },
          "transform": [
            1,
            0,
            0,
            1,
            0,
            0,
          ],
          "type": "lineTo",
        },
        {
          "props": {
            "x": 0.3200000000000003,
            "y": 22.4,
          },
          "transform": [
            1,
            0,
            0,
            1,
            0,
            0,
          ],
          "type": "lineTo",
        },
      ],
    },
    "transform": [
      1,
      0,
      0,
      1,
      0,
      0,
    ],
    "type": "fill",
  },
  {
    "props": {
      "path": [
        {
          "props": {},
          "transform": [
            1,
            0,
            0,
            1,
            0,
            0,
          ],
          "type": "beginPath",
        },
      ],
    },
    "transform": [
      1,
      0,
      0,
      1,
      0,
      0,
    ],
    "type": "stroke",
  },
  {
    "props": {
      "maxWidth": null,
      "text": "123",
      "x": 16,
      "y": 29,
    },
    "transform": [
      1,
      0,
      0,
      1,
      0,
      0,
    ],
    "type": "fillText",
  },
  {
    "props": {
      "height": 32,
      "width": 32,
      "x": 0,
      "y": 0,
    },
    "transform": [
      1,
      0,
      0,
      1,
      0,
      0,
    ],
    "type": "clearRect",
  },
  {
    "props": {
      "dHeight": 32,
      "dWidth": 32,
      "dx": 0,
      "dy": 0,
      "img": <img
        height="32"
        width="32"
      />,
      "sHeight": 32,
      "sWidth": 32,
      "sx": 0,
      "sy": 0,
    },
    "transform": [
      1,
      0,
      0,
      1,
      0,
      0,
    ],
    "type": "drawImage",
  },
]
`;

exports[`Favicon should draw a badge if called with a non-zero value 1`] = `
[
  {
    "props": {
      "height": 32,
      "width": 32,
      "x": 0,
      "y": 0,
    },
    "transform": [
      1,
      0,
      0,
      1,
      0,
      0,
    ],
    "type": "clearRect",
  },
  {
    "props": {
      "dHeight": 32,
      "dWidth": 32,
      "dx": 0,
      "dy": 0,
      "img": <img
        height="32"
        width="32"
      />,
      "sHeight": 32,
      "sWidth": 32,
      "sx": 0,
      "sy": 0,
    },
    "transform": [
      1,
      0,
      0,
      1,
      0,
      0,
    ],
    "type": "drawImage",
  },
  {
    "props": {
      "fillRule": "nonzero",
      "path": [
        {
          "props": {},
          "transform": [
            1,
            0,
            0,
            1,
            0,
            0,
          ],
          "type": "beginPath",
        },
        {
          "props": {
            "x": 16.159999999999997,
            "y": 12.8,
          },
          "transform": [
            1,
            0,
            0,
            1,
            0,
            0,
          ],
          "type": "moveTo",
        },
        {
          "props": {
            "x": 22.4,
            "y": 12.8,
          },
          "transform": [
            1,
            0,
            0,
            1,
            0,
            0,
          ],
          "type": "lineTo",
        },
        {
          "props": {
            "x": 31.999999999999996,
            "y": 22.4,
          },
          "transform": [
            1,
            0,
            0,
            1,
            0,
            0,
          ],
          "type": "lineTo",
        },
        {
          "props": {
            "x": 9.92,
            "y": 32,
          },
          "transform": [
            1,
            0,
            0,
            1,
            0,
            0,
          ],
          "type": "lineTo",
        },
        {
          "props": {
            "x": 0.3200000000000003,
            "y": 22.4,
          },
          "transform": [
            1,
            0,
            0,
            1,
            0,
            0,
          ],
          "type": "lineTo",
        },
      ],
    },
    "transform": [
      1,
      0,
      0,
      1,
      0,
      0,
    ],
    "type": "fill",
  },
  {
    "props": {
      "path": [
        {
          "props": {},
          "transform": [
            1,
            0,
            0,
            1,
            0,
            0,
          ],
          "type": "beginPath",
        },
      ],
    },
    "transform": [
      1,
      0,
      0,
      1,
      0,
      0,
    ],
    "type": "stroke",
  },
  {
    "props": {
      "maxWidth": null,
      "text": "123",
      "x": 16,
      "y": 29,
    },
    "transform": [
      1,
      0,
      0,
      1,
      0,
      0,
    ],
    "type": "fillText",
  },
]
`;
