// Jest Snapshot v1, https://goo.gl/fbAQLP

exports[`<ZoomButtons /> renders buttons 1`] = `
<DocumentFragment>
  <div
    class="mx_ZoomButtons"
  >
    <div
      aria-label="Zoom in"
      class="mx_AccessibleButton mx_ZoomButtons_button"
      data-testid="map-zoom-in-button"
      role="button"
      tabindex="0"
    >
      <svg
        class="mx_ZoomButtons_icon"
        fill="currentColor"
        height="1em"
        viewBox="0 0 24 24"
        width="1em"
        xmlns="http://www.w3.org/2000/svg"
      >
        <path
          d="M11 13H6a.97.97 0 0 1-.713-.287A.97.97 0 0 1 5 12q0-.424.287-.713A.97.97 0 0 1 6 11h5V6q0-.424.287-.713A.97.97 0 0 1 12 5q.424 0 .713.287Q13 5.576 13 6v5h5q.424 0 .712.287.288.288.288.713 0 .424-.288.713A.97.97 0 0 1 18 13h-5v5q0 .424-.287.712A.97.97 0 0 1 12 19a.97.97 0 0 1-.713-.288A.97.97 0 0 1 11 18z"
        />
      </svg>
    </div>
    <div
      aria-label="Zoom out"
      class="mx_AccessibleButton mx_ZoomButtons_button"
      data-testid="map-zoom-out-button"
      role="button"
      tabindex="0"
    >
      <svg
        class="mx_ZoomButtons_icon"
        fill="currentColor"
        height="1em"
        viewBox="0 0 24 24"
        width="1em"
        xmlns="http://www.w3.org/2000/svg"
      >
        <path
          d="M6 13a.97.97 0 0 1-.713-.287A.97.97 0 0 1 5 12q0-.424.287-.713A.97.97 0 0 1 6 11h12q.424 0 .712.287.288.288.288.713 0 .424-.288.713A.97.97 0 0 1 18 13z"
        />
      </svg>
    </div>
  </div>
</DocumentFragment>
`;
