// Jest Snapshot v1, https://goo.gl/fbAQLP

exports[`<SecurityUserSettingsTab /> renders ignored users 1`] = `
<ul
  aria-label="Ignored users"
  class="mx_SecurityUserSettingsTab_ignoredUsers"
>
  <li
    aria-label="@bob:example.org"
    class="mx_SecurityUserSettingsTab_ignoredUser"
  >
    <div
      aria-describedby="mx_SecurityUserSettingsTab_ignoredUser_@bob:example.org"
      class="mx_AccessibleButton mx_AccessibleButton_hasKind mx_AccessibleButton_kind_primary_sm"
      role="button"
      tabindex="0"
    >
      Unignore
    </div>
    <span
      id="mx_SecurityUserSettingsTab_ignoredUser_@bob:example.org"
    >
      @bob:example.org
    </span>
  </li>
</ul>
`;

exports[`<SecurityUserSettingsTab /> renders security section 1`] = `
<div>
  <div
    class="mx_SettingsTab"
  >
    <div
      class="mx_SettingsTab_sections"
    >
      <div
        class="mx_SetIntegrationManager"
        data-testid="mx_SetIntegrationManager"
      >
        <div
          class="mx_SettingsFlag"
        >
          <div
            class="mx_SetIntegrationManager_heading_manager"
          >
            <h3
              class="mx_Heading_h3"
            >
              Manage integrations
            </h3>
            <h4
              class="mx_Heading_h4"
            >
              (scalar.vector.im)
            </h4>
          </div>
        </div>
        <div
          class="mx_SettingsSubsection_text"
        >
          <span>
            Use an integration manager 
            <strong>
              (scalar.vector.im)
            </strong>
             to manage bots, widgets, and sticker packs.
          </span>
        </div>
        <div
          class="mx_SettingsSubsection_text"
        >
          Integration managers receive configuration data, and can modify widgets, send room invites, and set power levels on your behalf.
        </div>
        <form
          class="_root_19upo_16"
        >
          <div
            class="_inline-field_19upo_32"
          >
            <div
              class="_inline-field-control_19upo_44"
            >
              <div
                class="_container_19o42_10"
              >
                <input
                  checked=""
                  class="_input_19o42_24"
                  id="mx_SetIntegrationManager_Toggle"
                  role="switch"
                  type="checkbox"
                />
                <div
                  class="_ui_19o42_34"
                />
              </div>
            </div>
            <div
              class="_inline-field-body_19upo_38"
            >
              <label
                class="_label_19upo_59"
                for="mx_SetIntegrationManager_Toggle"
              >
                Enable the integration manager
              </label>
            </div>
          </div>
        </form>
      </div>
      <div
        class="mx_SettingsSection"
      >
        <h2
          class="mx_Heading_h3"
        >
          Encryption
        </h2>
        <div
          class="mx_SettingsSection_subSections"
        >
          <div
            class="mx_SettingsSubsection"
          >
            <div
              class="mx_SettingsSubsectionHeading"
            >
              <h3
                class="mx_Heading_h4 mx_SettingsSubsectionHeading_heading"
              >
                Message search
              </h3>
            </div>
            <div
              class="mx_SettingsSubsection_content"
            >
              <div
                class="mx_SettingsSubsection_text"
              >
                <span>
                  Element can't securely cache encrypted messages locally while running in a web browser. Use 
                  <a
                    class="mx_ExternalLink"
                    href="https://element.io/get-started"
                    rel="noreferrer noopener"
                    target="_blank"
                  >
                    Element Desktop
                    <i
                      class="mx_ExternalLink_icon"
                    />
                  </a>
                   for encrypted messages to appear in search results.
                </span>
              </div>
            </div>
          </div>
        </div>
      </div>
      <div
        class="mx_SettingsSection"
      >
        <h2
          class="mx_Heading_h3"
        >
          Privacy
        </h2>
        <div
          class="mx_SettingsSection_subSections"
        >
          <div
            class="mx_SettingsSubsection"
            data-testid="discoverySection"
          >
            <div
              class="mx_SettingsSubsectionHeading"
            >
              <h3
                class="mx_Heading_h4 mx_SettingsSubsectionHeading_heading"
              >
                How to find you
              </h3>
            </div>
            <div
              class="mx_SettingsSubsection_content mx_SettingsSubsection_contentStretch"
            >
              <fieldset
                class="mx_SettingsFieldset"
              >
                <legend
                  class="mx_SettingsFieldset_legend"
                >
                  Identity server
                </legend>
                <div
                  class="mx_SettingsFieldset_description"
                >
                  <div
                    class="mx_SettingsSubsection_text"
                  >
                    You are not currently using an identity server. To discover and be discoverable by existing contacts you know, add one below.
                  </div>
                </div>
                <div
                  class="mx_SettingsFieldset_content"
                >
                  <form
                    class="_root_19upo_16 mx_IdentityServerPicker"
                  >
                    <div
                      class="_field_19upo_26"
                    >
                      <label
                        class="_label_19upo_59"
                        for="radix-:r1:"
                      >
                        Enter a new identity server
                      </label>
                      <div
                        class="_controls_17lij_8"
                      >
                        <input
                          class="_control_sqdq4_10"
                          id="radix-:r1:"
                          name="input"
                          placeholder=""
                          title=""
                          value=""
                        />
                      </div>
                    </div>
                  </form>
                </div>
              </fieldset>
            </div>
          </div>
        </div>
      </div>
      <div
        class="mx_SettingsSection"
      >
        <h2
          class="mx_Heading_h3"
        >
          Advanced
        </h2>
        <div
          class="mx_SettingsSection_subSections"
        >
          <div
            class="mx_SettingsSubsection"
          >
            <div
              class="mx_SettingsSubsectionHeading"
            >
              <h3
                class="mx_Heading_h4 mx_SettingsSubsectionHeading_heading"
              >
                Ignored users
              </h3>
            </div>
            <div
              class="mx_SettingsSubsection_content"
            >
              <div
                class="mx_SettingsSubsection_text"
              >
                You have no ignored users.
              </div>
            </div>
          </div>
        </div>
      </div>
    </div>
  </div>
</div>
`;
