// Jest Snapshot v1, https://goo.gl/fbAQLP

exports[`<MFileBody/> should show a download button in file rendering type 1`] = `
<div>
  <span
    class="mx_MFileBody"
  >
    <div
      class="mx_MFileBody_download"
    >
      <a
        class="_button_vczzf_8 _has-icon_vczzf_57"
        data-kind="secondary"
        data-size="sm"
        download="alt for a image"
        href="https://server/_matrix/media/v3/download/server/image"
        rel="noreferrer noopener"
        role="link"
        tabindex="0"
        target="_blank"
      >
        <svg
          aria-hidden="true"
          fill="currentColor"
          height="20"
          viewBox="0 0 24 24"
          width="20"
          xmlns="http://www.w3.org/2000/svg"
        >
          <path
            d="M12 15.575q-.2 0-.375-.062a.9.9 0 0 1-.325-.213l-3.6-3.6a.95.95 0 0 1-.275-.7q0-.425.275-.7.274-.275.712-.288t.713.263L11 12.15V5q0-.424.287-.713A.97.97 0 0 1 12 4q.424 0 .713.287Q13 4.576 13 5v7.15l1.875-1.875q.274-.274.713-.263.437.014.712.288a.95.95 0 0 1 .275.7.95.95 0 0 1-.275.7l-3.6 3.6q-.15.15-.325.212a1.1 1.1 0 0 1-.375.063M6 20q-.824 0-1.412-.587A1.93 1.93 0 0 1 4 18v-2q0-.424.287-.713A.97.97 0 0 1 5 15q.424 0 .713.287Q6 15.576 6 16v2h12v-2q0-.424.288-.713A.97.97 0 0 1 19 15q.424 0 .712.287.288.288.288.713v2q0 .824-.587 1.413A1.93 1.93 0 0 1 18 20z"
          />
        </svg>
        Download
      </a>
    </div>
  </span>
</div>
`;
