// Jest Snapshot v1, https://jestjs.io/docs/snapshot-testing

exports[`<Notifications /> main notification switches renders only enable notifications switch when notifications are disabled 1`] = `
<div>
  <form
    class="_root_19upo_16"
  >
    <div
      class="_inline-field_19upo_32"
    >
      <div
        class="_inline-field-control_19upo_44"
      >
        <div
          class="_container_udcm8_10"
        >
          <input
            class="_input_udcm8_24"
            id="_r_0_"
            role="switch"
            type="checkbox"
          />
          <div
            class="_ui_udcm8_34"
          />
        </div>
      </div>
      <div
        class="_inline-field-body_19upo_38"
      >
        <label
          class="_label_19upo_59"
          for="_r_0_"
        >
          Enable notifications for this account
        </label>
        <span
          class="_message_19upo_85 _help-message_19upo_91"
          id="radix-_r_2_"
        >
          Turn off to disable notifications on all your devices and sessions
        </span>
      </div>
    </div>
    <form
      class="_root_19upo_16"
    >
      <div
        class="_inline-field_19upo_32"
      >
        <div
          class="_inline-field-control_19upo_44"
        >
          <div
            class="_container_udcm8_10"
          >
            <input
              checked=""
              class="_input_udcm8_24"
              id="mx_SettingsFlag_testid_0"
              role="switch"
              type="checkbox"
            />
            <div
              class="_ui_udcm8_34"
            />
          </div>
        </div>
        <div
          class="_inline-field-body_19upo_38"
        >
          <label
            class="_label_19upo_59"
            for="mx_SettingsFlag_testid_0"
          >
            Show all activity in the room list (dots or number of unread messages)
          </label>
        </div>
      </div>
      <div
        class="_inline-field_19upo_32"
      >
        <div
          class="_inline-field-control_19upo_44"
        >
          <div
            class="_container_udcm8_10"
          >
            <input
              checked=""
              class="_input_udcm8_24"
              id="mx_SettingsFlag_testid_1"
              role="switch"
              type="checkbox"
            />
            <div
              class="_ui_udcm8_34"
            />
          </div>
        </div>
        <div
          class="_inline-field-body_19upo_38"
        >
          <label
            class="_label_19upo_59"
            for="mx_SettingsFlag_testid_1"
          >
            Only show notifications in the thread activity centre
          </label>
        </div>
      </div>
    </form>
  </form>
</div>
`;
